2026-05-25 09:29:32,289 [INFO] 🚀 Steam CS2 Market Scraper iniciado
2026-05-25 09:29:32,289 [INFO] [1/27] A processar: Rifles
2026-05-25 09:29:32,289 [INFO] ━━━ Categoria: Rifles ━━━
2026-05-25 09:29:32,289 [INFO]   [Rifles] start=0...
2026-05-25 09:29:32,616 [INFO]   [Rifles] +10 itens | total desta cat: 10/2512
2026-05-25 09:29:34,645 [INFO]   [Rifles] start=10...
2026-05-25 09:29:34,924 [INFO]   [Rifles] +10 itens | total desta cat: 20/2512
2026-05-25 09:29:37,215 [INFO]   [Rifles] start=20...
2026-05-25 09:29:37,778 [INFO]   [Rifles] +10 itens | total desta cat: 30/2512
2026-05-25 09:29:39,763 [INFO]   [Rifles] start=30...
2026-05-25 09:29:40,034 [INFO]   [Rifles] +10 itens | total desta cat: 40/2512
2026-05-25 09:29:42,834 [INFO]   [Rifles] start=40...
2026-05-25 09:29:43,207 [INFO]   [Rifles] +10 itens | total desta cat: 50/2512
2026-05-25 09:29:45,127 [INFO]   [Rifles] start=50...
2026-05-25 09:29:45,391 [INFO]   [Rifles] +10 itens | total desta cat: 60/2512
2026-05-25 09:29:47,218 [INFO]   [Rifles] start=60...
2026-05-25 09:29:47,508 [INFO]   [Rifles] +10 itens | total desta cat: 70/2512
2026-05-25 09:29:49,151 [INFO]   [Rifles] start=70...
2026-05-25 09:29:49,401 [INFO]   [Rifles] +10 itens | total desta cat: 80/2512
2026-05-25 09:29:51,325 [INFO]   [Rifles] start=80...
2026-05-25 09:29:51,603 [INFO]   [Rifles] +10 itens | total desta cat: 90/2512
2026-05-25 09:29:53,976 [INFO]   [Rifles] start=90...
2026-05-25 09:29:54,235 [INFO]   [Rifles] +10 itens | total desta cat: 100/2512
2026-05-25 09:29:56,979 [INFO]   [Rifles] start=100...
2026-05-25 09:29:57,235 [INFO]   [Rifles] +10 itens | total desta cat: 110/2512
2026-05-25 09:29:59,775 [INFO]   [Rifles] start=110...
2026-05-25 09:30:00,103 [INFO]   [Rifles] +10 itens | total desta cat: 120/2512
2026-05-25 09:30:02,281 [INFO]   [Rifles] start=120...
2026-05-25 09:30:02,565 [INFO]   [Rifles] +10 itens | total desta cat: 130/2512
